// Jest Snapshot v1, https://goo.gl/fbAQLP

exports[`With-Active-Item hoc works 1`] = `
Array [
  <div
    className="cities__places-list places__list tabs__content"
  >
    <article
      className="cities__place-card place-card"
      onClick={[Function]}
      onMouseOut={[Function]}
      onMouseOver={[Function]}
    >
      <div
        className="place-card__mark"
      >
        <span>
          Premium
        </span>
      </div>
      <div
        className="cities__image-wrapper place-card__image-wrapper"
      >
        <a
          href="#"
        >
          <img
            alt="Place image"
            className="place-card__image"
            height="200"
            src="img/apartment-01.jpg"
            width="260"
          />
        </a>
      </div>
      <div
        className="place-card__info"
      >
        <div
          className="place-card__price-wrapper"
        >
          <div
            className="place-card__price"
          >
            <b
              className="place-card__price-value"
            >
              €
              120
            </b>
            <span
              className="place-card__price-text"
            >
              / night
            </span>
          </div>
          <button
            className="place-card__bookmark-button  button"
            type="button"
          >
            <svg
              className="place-card__bookmark-icon"
              height="19"
              width="18"
            >
              <use
                xlinkHref="#icon-bookmark"
              />
            </svg>
            <span
              className="visually-hidden"
            >
              To bookmarks
            </span>
          </button>
        </div>
        <div
          className="place-card__rating rating"
        >
          <div
            className="place-card__stars rating__stars"
          >
            <span
              style={
                Object {
                  "width": "[object Object]%",
                }
              }
            />
            <span
              className="visually-hidden"
            >
              Rating
            </span>
          </div>
        </div>
        <h2
          className="place-card__name"
        >
          <a
            href="#"
          >
            Beautiful & luxurious apartment at great location
          </a>
        </h2>
        <p
          className="place-card__type"
        >
          Apartment
        </p>
      </div>
    </article>
    <article
      className="cities__place-card place-card"
      onClick={[Function]}
      onMouseOut={[Function]}
      onMouseOver={[Function]}
    >
      <div
        className="place-card__mark"
      >
        <span>
          Premium
        </span>
      </div>
      <div
        className="cities__image-wrapper place-card__image-wrapper"
      >
        <a
          href="#"
        >
          <img
            alt="Place image"
            className="place-card__image"
            height="200"
            src="img/apartment-01.jpg"
            width="260"
          />
        </a>
      </div>
      <div
        className="place-card__info"
      >
        <div
          className="place-card__price-wrapper"
        >
          <div
            className="place-card__price"
          >
            <b
              className="place-card__price-value"
            >
              €
              215
            </b>
            <span
              className="place-card__price-text"
            >
              / night
            </span>
          </div>
          <button
            className="place-card__bookmark-button  button"
            type="button"
          >
            <svg
              className="place-card__bookmark-icon"
              height="19"
              width="18"
            >
              <use
                xlinkHref="#icon-bookmark"
              />
            </svg>
            <span
              className="visually-hidden"
            >
              To bookmarks
            </span>
          </button>
        </div>
        <div
          className="place-card__rating rating"
        >
          <div
            className="place-card__stars rating__stars"
          >
            <span
              style={
                Object {
                  "width": "[object Object]%",
                }
              }
            />
            <span
              className="visually-hidden"
            >
              Rating
            </span>
          </div>
        </div>
        <h2
          className="place-card__name"
        >
          <a
            href="#"
          >
            Luxurious apartment
          </a>
        </h2>
        <p
          className="place-card__type"
        >
          Apartment
        </p>
      </div>
    </article>
    <article
      className="cities__place-card place-card"
      onClick={[Function]}
      onMouseOut={[Function]}
      onMouseOver={[Function]}
    >
      <div
        className="cities__image-wrapper place-card__image-wrapper"
      >
        <a
          href="#"
        >
          <img
            alt="Place image"
            className="place-card__image"
            height="200"
            src="img/apartment-small-04.jpg"
            width="260"
          />
        </a>
      </div>
      <div
        className="place-card__info"
      >
        <div
          className="place-card__price-wrapper"
        >
          <div
            className="place-card__price"
          >
            <b
              className="place-card__price-value"
            >
              €
              66
            </b>
            <span
              className="place-card__price-text"
            >
              / night
            </span>
          </div>
          <button
            className="place-card__bookmark-button  button"
            type="button"
          >
            <svg
              className="place-card__bookmark-icon"
              height="19"
              width="18"
            >
              <use
                xlinkHref="#icon-bookmark"
              />
            </svg>
            <span
              className="visually-hidden"
            >
              To bookmarks
            </span>
          </button>
        </div>
        <div
          className="place-card__rating rating"
        >
          <div
            className="place-card__stars rating__stars"
          >
            <span
              style={
                Object {
                  "width": "[object Object]%",
                }
              }
            />
            <span
              className="visually-hidden"
            >
              Rating
            </span>
          </div>
        </div>
        <h2
          className="place-card__name"
        >
          <a
            href="#"
          >
            Nice apartment at great location
          </a>
        </h2>
        <p
          className="place-card__type"
        >
          Apartment
        </p>
      </div>
    </article>
  </div>,
  <section
    className="locations container"
  >
    <ul
      className="locations__list tabs__list"
    >
      <li
        className="locations__item"
      >
        <a
          className="locations__item-link tabs__item tabs__item--active"
          href="#"
          onClick={[Function]}
        >
          <span>
            Amsterdam
          </span>
        </a>
      </li>
      <li
        className="locations__item"
      >
        <a
          className="locations__item-link tabs__item "
          href="#"
          onClick={[Function]}
        >
          <span>
            Paris
          </span>
        </a>
      </li>
      <li
        className="locations__item"
      >
        <a
          className="locations__item-link tabs__item "
          href="#"
          onClick={[Function]}
        >
          <span>
            Cologne
          </span>
        </a>
      </li>
      <li
        className="locations__item"
      >
        <a
          className="locations__item-link tabs__item "
          href="#"
          onClick={[Function]}
        >
          <span>
            Brussels
          </span>
        </a>
      </li>
    </ul>
  </section>,
]
`;
